MISSION_LOG_DIR=/media/p450/P450_DATA/builds/NX-user-storage/rosbags/P450_20260825_DESKTOP_SITL_FI_MODE_R1
MISSION PRECHECK START artifact=V4 mode=flight test_id=P450_20260825_DESKTOP_SITL_FI_MODE_R1
MISSION PRECHECK HEADING_GOOD_DIAGNOSTIC value=0
MISSION PRECHECK ARMING_STATE 1
MISSION PRECHECK NAV_STATE 4
MISSION PRECHECK GCS_CONNECTION_DIAGNOSTIC raw_status_lost=0
MISSION PRECHECK OFFBOARD_CONTROL_DIAGNOSTIC enabled=0
MISSION PRECHECK ROUTE start=(0.347653865814209, 9.793488502502441, 0.13905936479568481, 1.5019989013671875) takeoff=(0.347653865814209, 9.793488502502441, -0.3609406352043152) goal=(0.6913697037344556, 14.781660454506781, -0.3609406352043152) reset_counters={'xy': 2, 'z': 6, 'vxy': 2, 'vz': 2, 'heading': 1}
MISSION PRECHECK PREFLIGHT_HEADING_PENDING PX4 final heading alignment is expected after liftoff when using magnetometer fusion
MISSION PRECHECK PREFLIGHT_PASS offboard_subscriptions=1 setpoint_subscriptions=1 command_subscriptions=1
MISSION STREAM_PREROLL TRANSITION
MISSION REQUEST_OFFBOARD TRANSITION
MISSION REQUEST_OFFBOARD COMMAND_BEGIN command=176
MISSION REQUEST_OFFBOARD COMMAND_SEND command=176 attempt=1
MISSION REQUEST_OFFBOARD OFFBOARD_CONTROL_DIAGNOSTIC enabled=1
MISSION REQUEST_OFFBOARD NAV_STATE 14
MISSION REQUEST_ARM TRANSITION
MISSION REQUEST_ARM COMMAND_BEGIN command=400
MISSION REQUEST_ARM COMMAND_SEND command=400 attempt=1
MISSION REQUEST_ARM ARMING_STATE 2
MISSION TAKEOFF TRANSITION
MISSION HOLD_AFTER_TAKEOFF TRANSITION
MISSION HOLD_AFTER_TAKEOFF NAV_STATE 2
MISSION HOLD_AFTER_TAKEOFF CONTROL_RELINQUISHED PX4 left Offboard nav_state=2; no further Offboard, setpoint, Land, Arm, or Disarm publication
MISSION FAILED TRANSITION PX4 left Offboard nav_state=2
MISSION FAILED HEARTBEAT_SUMMARY publishes=117 max_gap_ms=105.118 over_150ms=0 over_250ms=0 over_500ms=0
INJECTION_RESULT mode_takeover mission_exit=20 expected_relinquish_exit=20
RECOVERY operator_requested=LAND
RECOVERY_RESULT disarmed=true
