MISSION_LOG_DIR=/media/p450/P450_DATA/builds/NX-user-storage/rosbags/P450_20260825_DESKTOP_SITL_SIM_G
MISSION PRECHECK START artifact=V4 mode=ground-sequence test_id=P450_20260825_DESKTOP_SITL_SIM_G
MISSION PRECHECK HEADING_GOOD_DIAGNOSTIC value=0
MISSION PRECHECK OFFBOARD_CONTROL_DIAGNOSTIC enabled=0
MISSION PRECHECK ARMING_STATE 1
MISSION PRECHECK NAV_STATE 2
MISSION PRECHECK GCS_CONNECTION_DIAGNOSTIC raw_status_lost=0
MISSION PRECHECK ROUTE start=(-0.04938887059688568, -0.28367307782173157, 0.025136305019259453, 1.5685831308364868) takeoff=(-0.04938887059688568, -0.28367307782173157, -0.47486369498074055) goal=(-0.04938887059688568, -0.28367307782173157, -0.47486369498074055) reset_counters={'xy': 2, 'z': 2, 'vxy': 2, 'vz': 2, 'heading': 1}
MISSION PRECHECK PREFLIGHT_HEADING_PENDING PX4 final heading alignment is expected after liftoff when using magnetometer fusion
MISSION PRECHECK PREFLIGHT_PASS offboard_subscriptions=1 setpoint_subscriptions=1 command_subscriptions=1
MISSION STREAM_PREROLL TRANSITION
MISSION REQUEST_OFFBOARD TRANSITION
MISSION REQUEST_OFFBOARD COMMAND_BEGIN command=176
MISSION REQUEST_OFFBOARD COMMAND_SEND command=176 attempt=1
MISSION REQUEST_OFFBOARD OFFBOARD_CONTROL_DIAGNOSTIC enabled=1
MISSION REQUEST_OFFBOARD NAV_STATE 14
MISSION REQUEST_ARM TRANSITION
MISSION REQUEST_ARM COMMAND_BEGIN command=400
MISSION REQUEST_ARM COMMAND_SEND command=400 attempt=1
MISSION REQUEST_ARM ARMING_STATE 2
MISSION GROUND_ARMED_HOLD TRANSITION
MISSION REQUEST_LAND TRANSITION
MISSION REQUEST_LAND COMMAND_BEGIN command=21
MISSION REQUEST_LAND COMMAND_SEND command=21 attempt=1
MISSION REQUEST_LAND OFFBOARD_CONTROL_DIAGNOSTIC enabled=0
MISSION REQUEST_LAND NAV_STATE 18
MISSION REQUEST_LAND LAND_MODE_CONFIRMED nav_state=18 ack=None
MISSION REQUEST_LAND LAND_FEEDBACK_FALLBACK VehicleLandDetected is not bridged; require AUTO_DISARM_LAND reason
MISSION WAIT_AUTO_DISARM_FALLBACK TRANSITION
MISSION WAIT_AUTO_DISARM_FALLBACK ARMING_STATE 1
MISSION WAIT_AUTO_DISARM_FALLBACK UNEXPECTED_DISARM_REASON reason=6 expected=7
MISSION FAILED TRANSITION disarm was not PX4 auto-disarm-land
MISSION FAILED HEARTBEAT_SUMMARY publishes=52 max_gap_ms=104.822 over_150ms=0 over_250ms=0 over_500ms=0
